基准情况:
  总成本: 98615.61
上层目标历史: ["0.0", "1.5", "2.8", "3.9", "4.7", "5.3", "5.7", "5.9", "6.0"]
下层成本历史: ["100000.0", "99500.5", "98700.2", "98650.1", "98620.8", "98616.0", "98615.6", "98615.6", "98615.6"]
电力攻击节点: [1, 3, 5]
天然气攻击节点: [2, 4]